// Jest Snapshot v1, https://goo.gl/fbAQLP

exports[`Pruebes en FirstApp.jsx Debe de hacer match con el snapshot 1`] = `
<div>
  <h1>
    Hola, Soy Goku
  </h1>
  <p>
    No hay subtitulo
  </p>
</div>
`;
